// Jest Snapshot v1, https://goo.gl/fbAQLP

exports[`<Career/> should match the snapshot 1`] = `
Object {
  "asFragment": [Function],
  "baseElement": <body>
    <div>
      <div
        class="container dark"
      >
        <div
          class="container"
        >
          <h2
            class="common title"
            data-testid="section-title"
          >
            Career
          </h2>
          <h3
            class="common titleSmall"
            data-testid="section-subtitle"
          >
            My journey so far.
          </h3>
        </div>
        <ul
          class="career"
        >
          <li
            class="step"
          >
            <img
              alt=""
              class="stepImage"
              src="/images/acidtango.jpeg"
            />
            <div
              class="stepText left"
            >
              <h4
                class="common paragraphLead"
              >
                2019 - today
              </h4>
              <h4
                class="common paragraphLead"
              >
                Full Stack Developer
              </h4>
              <p
                class="common paragraph"
              >
                Joined 
                <a
                  href="https://acidtango.com/"
                  target="_blank"
                >
                  Acid Tango
                </a>
                 to work as a Full Stack Developer with NodeJs. My stack is mainly TypeScript, using React for the frontend and NestJS for the backend.
              </p>
            </div>
          </li>
          <li
            class="step"
          >
            <img
              alt=""
              class="stepImage"
              src="/images/uc3m.png"
            />
            <div
              class="stepText right"
            >
              <h4
                class="common paragraphLead"
              >
                2019 - 2022 (expected)
              </h4>
              <h4
                class="common paragraphLead"
              >
                Master's Degree in Computer Science and Engineering
              </h4>
              <p
                class="common paragraph"
              >
                Currently half-time studing a Master's Degree in Computer Science and Engineering at Universidad Carlos III de Madrid.
              </p>
            </div>
          </li>
          <li
            class="step"
          >
            <img
              alt=""
              class="stepImage"
              src="/images/uc3m.png"
            />
            <div
              class="stepText left"
            >
              <h4
                class="common paragraphLead"
              >
                2017 - 2019
              </h4>
              <h4
                class="common paragraphLead"
              >
                DevOps Developer Intern
              </h4>
              <p
                class="common paragraph"
              >
                Working as intern in the Computer Science and Engineering Department at my university. DevOps tasks, including full-stack development and setting infrastructure.
              </p>
            </div>
          </li>
          <li
            class="step"
          >
            <img
              alt=""
              class="stepImage"
              src="/images/techfest.png"
            />
            <div
              class="stepText right"
            >
              <h4
                class="common paragraphLead"
              >
                2016 - 2020
              </h4>
              <h4
                class="common paragraphLead"
              >
                T3chfest Collaborator and Volunteer
              </h4>
              <p
                class="common paragraph"
              >
                Helping making 
                <a
                  href="https://t3chfest.es/"
                  target="_blank"
                >
                  T3chFest
                </a>
                 possible for four years. Working near the organizers and friends to position T3chFest as a reference IT event.
              </p>
            </div>
          </li>
          <li
            class="step"
          >
            <img
              alt=""
              class="stepImage"
              src="/images/uc3m.png"
            />
            <div
              class="stepText left"
            >
              <h4
                class="common paragraphLead"
              >
                2015 - 2019
              </h4>
              <h4
                class="common paragraphLead"
              >
                Bachelor's Degree in Computer Science and Engineering
              </h4>
              <p
                class="common paragraph"
              >
                Got my Bachelor's Degree in Computer Science and Engineering at Universidad Carlos III de Madrid with honors. Specialized in artificial intelligence and data analysis.
              </p>
            </div>
          </li>
        </ul>
      </div>
    </div>
  </body>,
  "container": <div>
    <div
      class="container dark"
    >
      <div
        class="container"
      >
        <h2
          class="common title"
          data-testid="section-title"
        >
          Career
        </h2>
        <h3
          class="common titleSmall"
          data-testid="section-subtitle"
        >
          My journey so far.
        </h3>
      </div>
      <ul
        class="career"
      >
        <li
          class="step"
        >
          <img
            alt=""
            class="stepImage"
            src="/images/acidtango.jpeg"
          />
          <div
            class="stepText left"
          >
            <h4
              class="common paragraphLead"
            >
              2019 - today
            </h4>
            <h4
              class="common paragraphLead"
            >
              Full Stack Developer
            </h4>
            <p
              class="common paragraph"
            >
              Joined 
              <a
                href="https://acidtango.com/"
                target="_blank"
              >
                Acid Tango
              </a>
               to work as a Full Stack Developer with NodeJs. My stack is mainly TypeScript, using React for the frontend and NestJS for the backend.
            </p>
          </div>
        </li>
        <li
          class="step"
        >
          <img
            alt=""
            class="stepImage"
            src="/images/uc3m.png"
          />
          <div
            class="stepText right"
          >
            <h4
              class="common paragraphLead"
            >
              2019 - 2022 (expected)
            </h4>
            <h4
              class="common paragraphLead"
            >
              Master's Degree in Computer Science and Engineering
            </h4>
            <p
              class="common paragraph"
            >
              Currently half-time studing a Master's Degree in Computer Science and Engineering at Universidad Carlos III de Madrid.
            </p>
          </div>
        </li>
        <li
          class="step"
        >
          <img
            alt=""
            class="stepImage"
            src="/images/uc3m.png"
          />
          <div
            class="stepText left"
          >
            <h4
              class="common paragraphLead"
            >
              2017 - 2019
            </h4>
            <h4
              class="common paragraphLead"
            >
              DevOps Developer Intern
            </h4>
            <p
              class="common paragraph"
            >
              Working as intern in the Computer Science and Engineering Department at my university. DevOps tasks, including full-stack development and setting infrastructure.
            </p>
          </div>
        </li>
        <li
          class="step"
        >
          <img
            alt=""
            class="stepImage"
            src="/images/techfest.png"
          />
          <div
            class="stepText right"
          >
            <h4
              class="common paragraphLead"
            >
              2016 - 2020
            </h4>
            <h4
              class="common paragraphLead"
            >
              T3chfest Collaborator and Volunteer
            </h4>
            <p
              class="common paragraph"
            >
              Helping making 
              <a
                href="https://t3chfest.es/"
                target="_blank"
              >
                T3chFest
              </a>
               possible for four years. Working near the organizers and friends to position T3chFest as a reference IT event.
            </p>
          </div>
        </li>
        <li
          class="step"
        >
          <img
            alt=""
            class="stepImage"
            src="/images/uc3m.png"
          />
          <div
            class="stepText left"
          >
            <h4
              class="common paragraphLead"
            >
              2015 - 2019
            </h4>
            <h4
              class="common paragraphLead"
            >
              Bachelor's Degree in Computer Science and Engineering
            </h4>
            <p
              class="common paragraph"
            >
              Got my Bachelor's Degree in Computer Science and Engineering at Universidad Carlos III de Madrid with honors. Specialized in artificial intelligence and data analysis.
            </p>
          </div>
        </li>
      </ul>
    </div>
  </div>,
  "debug": [Function],
  "findAllByAltText": [Function],
  "findAllByDisplayValue": [Function],
  "findAllByLabelText": [Function],
  "findAllByPlaceholderText": [Function],
  "findAllByRole": [Function],
  "findAllByTestId": [Function],
  "findAllByText": [Function],
  "findAllByTitle": [Function],
  "findByAltText": [Function],
  "findByDisplayValue": [Function],
  "findByLabelText": [Function],
  "findByPlaceholderText": [Function],
  "findByRole": [Function],
  "findByTestId": [Function],
  "findByText": [Function],
  "findByTitle": [Function],
  "getAllByAltText": [Function],
  "getAllByDisplayValue": [Function],
  "getAllByLabelText": [Function],
  "getAllByPlaceholderText": [Function],
  "getAllByRole": [Function],
  "getAllByTestId": [Function],
  "getAllByText": [Function],
  "getAllByTitle": [Function],
  "getByAltText": [Function],
  "getByDisplayValue": [Function],
  "getByLabelText": [Function],
  "getByPlaceholderText": [Function],
  "getByRole": [Function],
  "getByTestId": [Function],
  "getByText": [Function],
  "getByTitle": [Function],
  "queryAllByAltText": [Function],
  "queryAllByDisplayValue": [Function],
  "queryAllByLabelText": [Function],
  "queryAllByPlaceholderText": [Function],
  "queryAllByRole": [Function],
  "queryAllByTestId": [Function],
  "queryAllByText": [Function],
  "queryAllByTitle": [Function],
  "queryByAltText": [Function],
  "queryByDisplayValue": [Function],
  "queryByLabelText": [Function],
  "queryByPlaceholderText": [Function],
  "queryByRole": [Function],
  "queryByTestId": [Function],
  "queryByText": [Function],
  "queryByTitle": [Function],
  "rerender": [Function],
  "unmount": [Function],
}
`;
