// Jest Snapshot v1, https://goo.gl/fbAQLP

exports[`<Skills/> soft skills should display math the snpashot 1`] = `
<div
  data-testid="soft-skills"
>
  <i
    class="ri-hand-heart-fill icon headIcon"
  />
  <h4
    class="common paragraphLead skillHeaderText"
  >
    Soft Skills
  </h4>
  <div
    class="skillsLogos"
  >
    <div
      class="iconWithDescription"
    >
      <i
        class="ri-team-fill icon skillIcon"
      />
      <span>
        Teamwork
      </span>
    </div>
    <div
      class="iconWithDescription"
    >
      <i
        class="ri-chat-smile-2-fill icon skillIcon"
      />
      <span>
        Communication
      </span>
    </div>
    <div
      class="iconWithDescription"
    >
      <i
        class="ri-heart-fill icon skillIcon"
      />
      <span>
        Empathy
      </span>
    </div>
    <div
      class="iconWithDescription"
    >
      <i
        class="ri-questionnaire-fill icon skillIcon"
      />
      <span>
        Curiosity
      </span>
    </div>
    <div
      class="iconWithDescription"
    >
      <i
        class="ri-timer-line icon skillIcon"
      />
      <span>
        Time management
      </span>
    </div>
    <div
      class="iconWithDescription"
    >
      <i
        class="ri-pencil-ruler-2-line icon skillIcon"
      />
      <span>
        Problem solving
      </span>
    </div>
    <div
      class="iconWithDescription"
    >
      <i
        class="ri-scales-3-line icon skillIcon"
      />
      <span>
        Accountability
      </span>
    </div>
    <div
      class="iconWithDescription"
    >
      <i
        class="ri-earth-fill icon skillIcon"
      />
      <span>
        Open-mindedness
      </span>
    </div>
    <div
      class="iconWithDescription"
    >
      <i
        class="ri-lightbulb-line icon skillIcon"
      />
      <span>
        Creativity
      </span>
    </div>
    <div
      class="iconWithDescription"
    >
      <i
        class="ri-seedling-fill icon skillIcon"
      />
      <span>
        Adaptability
      </span>
    </div>
    <div
      class="iconWithDescription"
    >
      <i
        class="ri-run-fill icon skillIcon"
      />
      <span>
        Proactivity
      </span>
    </div>
  </div>
</div>
`;

exports[`<Skills/> tech skills should display math the snpashot 1`] = `
<div
  data-testid="tech-skills"
>
  <i
    class="ri-code-box-fill icon headIcon"
  />
  <h4
    class="common paragraphLead skillHeaderText"
  >
    Tech Skills
  </h4>
  <div
    class="skillsLogos"
  >
    <div
      class="iconWithDescription"
    >
      <i
        class="devicon-react-original icon skillIcon"
      />
      <span>
        React
      </span>
    </div>
    <div
      class="iconWithDescription"
    >
      <i
        class="devicon-nodejs-plain icon skillIcon"
      />
      <span>
        Node.js
      </span>
    </div>
    <div
      class="iconWithDescription"
    >
      <i
        class="devicon-typescript-plain icon skillIcon"
      />
      <span>
        TypeScript
      </span>
    </div>
    <div
      class="iconWithDescription"
    >
      <i
        class="devicon-html5-plain icon skillIcon"
      />
      <span>
        HTML 5
      </span>
    </div>
    <div
      class="iconWithDescription"
    >
      <i
        class="devicon-css3-plain icon skillIcon"
      />
      <span>
        CSS 3
      </span>
    </div>
    <div
      class="iconWithDescription"
    >
      <i
        class="devicon-python-plain icon skillIcon"
      />
      <span>
        Python 3
      </span>
    </div>
    <div
      class="iconWithDescription"
    >
      <i
        class="devicon-postgresql-plain icon skillIcon"
      />
      <span>
        PostgreSQL
      </span>
    </div>
    <div
      class="iconWithDescription"
    >
      <i
        class="devicon-mongodb-plain icon skillIcon"
      />
      <span>
        MongoDB
      </span>
    </div>
    <div
      class="iconWithDescription"
    >
      <i
        class="devicon-linux-plain icon skillIcon"
      />
      <span>
        Linux
      </span>
    </div>
    <div
      class="iconWithDescription"
    >
      <i
        class="devicon-docker-plain icon skillIcon"
      />
      <span>
        Docker
      </span>
    </div>
    <div
      class="iconWithDescription"
    >
      <i
        class="devicon-amazonwebservices-plain icon skillIcon"
      />
      <span>
        Amazon AWS
      </span>
    </div>
  </div>
</div>
`;
