// Jest Snapshot v1, https://goo.gl/fbAQLP

exports[`<Skills/> should match the snapshot 1`] = `
Object {
  "asFragment": [Function],
  "baseElement": <body>
    <div>
      <div
        class="container light"
        id="skills"
      >
        <div
          class="container hidden"
        >
          <h2
            class="common title"
            data-testid="section-title"
          >
            What I offer
          </h2>
          <h3
            class="common titleSmall"
            data-testid="section-subtitle"
          >
            What people get when work with me.
          </h3>
        </div>
        <div
          class="skillsContainer"
        >
          <div
            class="hidden"
            data-testid="tech-skills"
          >
            <h4
              class="common paragraphLead skillHeaderText"
            >
              Tech Skills
            </h4>
            <div
              class="skillsLogos"
            >
              <div
                class="iconWithDescription"
              >
                <span>
                  React
                </span>
              </div>
              <div
                class="iconWithDescription"
              >
                <span>
                  Node.js
                </span>
              </div>
              <div
                class="iconWithDescription"
              >
                <span>
                  TypeScript
                </span>
              </div>
              <div
                class="iconWithDescription"
              >
                <span>
                  HTML 5
                </span>
              </div>
              <div
                class="iconWithDescription"
              >
                <span>
                  CSS 3
                </span>
              </div>
              <div
                class="iconWithDescription"
              >
                <span>
                  Python 3
                </span>
              </div>
              <div
                class="iconWithDescription"
              >
                <span>
                  PostgreSQL
                </span>
              </div>
              <div
                class="iconWithDescription"
              >
                <span>
                  MongoDB
                </span>
              </div>
              <div
                class="iconWithDescription"
              >
                <span>
                  Linux
                </span>
              </div>
              <div
                class="iconWithDescription"
              >
                <span>
                  Docker
                </span>
              </div>
              <div
                class="iconWithDescription"
              >
                <span>
                  Amazon AWS
                </span>
              </div>
            </div>
          </div>
          <div
            class="hidden"
            data-testid="soft-skills"
          >
            <h4
              class="common paragraphLead skillHeaderText"
            >
              Soft Skills
            </h4>
            <div
              class="skillsLogos"
            >
              <div
                class="iconWithDescription"
              >
                <span>
                  Teamwork
                </span>
              </div>
              <div
                class="iconWithDescription"
              >
                <span>
                  Communication
                </span>
              </div>
              <div
                class="iconWithDescription"
              >
                <span>
                  Empathy
                </span>
              </div>
              <div
                class="iconWithDescription"
              >
                <span>
                  Curiosity
                </span>
              </div>
              <div
                class="iconWithDescription"
              >
                <span>
                  Time management
                </span>
              </div>
              <div
                class="iconWithDescription"
              >
                <span>
                  Problem solving
                </span>
              </div>
              <div
                class="iconWithDescription"
              >
                <span>
                  Accountability
                </span>
              </div>
              <div
                class="iconWithDescription"
              >
                <span>
                  Open-mindedness
                </span>
              </div>
              <div
                class="iconWithDescription"
              >
                <span>
                  Creativity
                </span>
              </div>
              <div
                class="iconWithDescription"
              >
                <span>
                  Adaptability
                </span>
              </div>
              <div
                class="iconWithDescription"
              >
                <span>
                  Proactivity
                </span>
              </div>
            </div>
          </div>
        </div>
      </div>
    </div>
  </body>,
  "container": <div>
    <div
      class="container light"
      id="skills"
    >
      <div
        class="container hidden"
      >
        <h2
          class="common title"
          data-testid="section-title"
        >
          What I offer
        </h2>
        <h3
          class="common titleSmall"
          data-testid="section-subtitle"
        >
          What people get when work with me.
        </h3>
      </div>
      <div
        class="skillsContainer"
      >
        <div
          class="hidden"
          data-testid="tech-skills"
        >
          <h4
            class="common paragraphLead skillHeaderText"
          >
            Tech Skills
          </h4>
          <div
            class="skillsLogos"
          >
            <div
              class="iconWithDescription"
            >
              <span>
                React
              </span>
            </div>
            <div
              class="iconWithDescription"
            >
              <span>
                Node.js
              </span>
            </div>
            <div
              class="iconWithDescription"
            >
              <span>
                TypeScript
              </span>
            </div>
            <div
              class="iconWithDescription"
            >
              <span>
                HTML 5
              </span>
            </div>
            <div
              class="iconWithDescription"
            >
              <span>
                CSS 3
              </span>
            </div>
            <div
              class="iconWithDescription"
            >
              <span>
                Python 3
              </span>
            </div>
            <div
              class="iconWithDescription"
            >
              <span>
                PostgreSQL
              </span>
            </div>
            <div
              class="iconWithDescription"
            >
              <span>
                MongoDB
              </span>
            </div>
            <div
              class="iconWithDescription"
            >
              <span>
                Linux
              </span>
            </div>
            <div
              class="iconWithDescription"
            >
              <span>
                Docker
              </span>
            </div>
            <div
              class="iconWithDescription"
            >
              <span>
                Amazon AWS
              </span>
            </div>
          </div>
        </div>
        <div
          class="hidden"
          data-testid="soft-skills"
        >
          <h4
            class="common paragraphLead skillHeaderText"
          >
            Soft Skills
          </h4>
          <div
            class="skillsLogos"
          >
            <div
              class="iconWithDescription"
            >
              <span>
                Teamwork
              </span>
            </div>
            <div
              class="iconWithDescription"
            >
              <span>
                Communication
              </span>
            </div>
            <div
              class="iconWithDescription"
            >
              <span>
                Empathy
              </span>
            </div>
            <div
              class="iconWithDescription"
            >
              <span>
                Curiosity
              </span>
            </div>
            <div
              class="iconWithDescription"
            >
              <span>
                Time management
              </span>
            </div>
            <div
              class="iconWithDescription"
            >
              <span>
                Problem solving
              </span>
            </div>
            <div
              class="iconWithDescription"
            >
              <span>
                Accountability
              </span>
            </div>
            <div
              class="iconWithDescription"
            >
              <span>
                Open-mindedness
              </span>
            </div>
            <div
              class="iconWithDescription"
            >
              <span>
                Creativity
              </span>
            </div>
            <div
              class="iconWithDescription"
            >
              <span>
                Adaptability
              </span>
            </div>
            <div
              class="iconWithDescription"
            >
              <span>
                Proactivity
              </span>
            </div>
          </div>
        </div>
      </div>
    </div>
  </div>,
  "debug": [Function],
  "findAllByAltText": [Function],
  "findAllByDisplayValue": [Function],
  "findAllByLabelText": [Function],
  "findAllByPlaceholderText": [Function],
  "findAllByRole": [Function],
  "findAllByTestId": [Function],
  "findAllByText": [Function],
  "findAllByTitle": [Function],
  "findByAltText": [Function],
  "findByDisplayValue": [Function],
  "findByLabelText": [Function],
  "findByPlaceholderText": [Function],
  "findByRole": [Function],
  "findByTestId": [Function],
  "findByText": [Function],
  "findByTitle": [Function],
  "getAllByAltText": [Function],
  "getAllByDisplayValue": [Function],
  "getAllByLabelText": [Function],
  "getAllByPlaceholderText": [Function],
  "getAllByRole": [Function],
  "getAllByTestId": [Function],
  "getAllByText": [Function],
  "getAllByTitle": [Function],
  "getByAltText": [Function],
  "getByDisplayValue": [Function],
  "getByLabelText": [Function],
  "getByPlaceholderText": [Function],
  "getByRole": [Function],
  "getByTestId": [Function],
  "getByText": [Function],
  "getByTitle": [Function],
  "queryAllByAltText": [Function],
  "queryAllByDisplayValue": [Function],
  "queryAllByLabelText": [Function],
  "queryAllByPlaceholderText": [Function],
  "queryAllByRole": [Function],
  "queryAllByTestId": [Function],
  "queryAllByText": [Function],
  "queryAllByTitle": [Function],
  "queryByAltText": [Function],
  "queryByDisplayValue": [Function],
  "queryByLabelText": [Function],
  "queryByPlaceholderText": [Function],
  "queryByRole": [Function],
  "queryByTestId": [Function],
  "queryByText": [Function],
  "queryByTitle": [Function],
  "rerender": [Function],
  "unmount": [Function],
}
`;
