// Jest Snapshot v1, https://goo.gl/fbAQLP

exports[`<Bio/> should match the snapshot 1`] = `
Object {
  "asFragment": [Function],
  "baseElement": <body>
    <div>
      <div
        class="container"
      >
        <div
          class="imageAndLinks"
        >
          <picture>
            <source
              srcset="/images/me.webp"
              type="image/webp"
            />
            <img
              alt=""
              class="image"
              height="460"
              src="/images/me.png"
              width="460"
            />
          </picture>
          <ul
            class="container socialMediaLinks"
          >
            <li>
              <a
                data-testid="github-link"
                href="https://github.com/tairosonloa"
                rel="noopener noreferrer"
                target="_blank"
              >
                <i
                  class="ri-github-fill icon"
                  data-testid="github"
                />
                <span
                  class="hiddenTextForAccessibility"
                >
                  github
                </span>
              </a>
            </li>
            <li>
              <a
                data-testid="linkedin-link"
                href="https://www.linkedin.com/in/aitoralonsonunez/"
                rel="noopener noreferrer"
                target="_blank"
              >
                <i
                  class="ri-linkedin-box-fill icon"
                  data-testid="linkedin"
                />
                <span
                  class="hiddenTextForAccessibility"
                >
                  linkedin
                </span>
              </a>
            </li>
            <li>
              <a
                data-testid="twitter-link"
                href="https://twitter.com/tairosonloa"
                rel="noopener noreferrer"
                target="_blank"
              >
                <i
                  class="ri-twitter-fill icon"
                  data-testid="twitter"
                />
                <span
                  class="hiddenTextForAccessibility"
                >
                  twitter
                </span>
              </a>
            </li>
            <li>
              <a
                data-testid="email-link"
                href="#"
                rel="noopener noreferrer"
                target="_blank"
              >
                <i
                  class="ri-mail-fill icon"
                  data-testid="email"
                />
                <span
                  class="hiddenTextForAccessibility"
                >
                  email
                </span>
              </a>
            </li>
          </ul>
        </div>
        <div>
          <h1
            class="common titleBig bio"
          >
            Hi, I'm Aitor 
            <span
              aria-label="waving hand"
              role="img"
            >
              👋
            </span>
          </h1>
          <p
            class="common paragraphBig bio"
          >
            I'm a full-stack developer 
            <span
              aria-label="man with a computer"
              role="img"
            >
              👨‍💻
            </span>
             from Spain, currently full-time working for
             
            <a
              href="https://acidtango.com/"
              rel="noopener noreferrer"
              target="_blank"
            >
              Acid Tango
            </a>
             
            <span
              aria-label="lemon"
              role="img"
            >
              🍋
            </span>
             while studying for a Master's Degree in Computer Science and Engineering 
            <span
              aria-label="graduation cap"
              role="img"
            >
              🎓
            </span>
             on weekends.
          </p>
          <p
            class="common paragraphBig bio"
          >
            Free software contributor 
            <span
              aria-label="hearth"
              role="img"
            >
              ❤️
            </span>
            , Linux fan
             
            <span
              aria-label="penguin"
              role="img"
            >
              🐧
            </span>
             and DevOps 
            <span
              aria-label="gear"
              role="img"
            >
              ⚙️
            </span>
             soul.
          </p>
        </div>
      </div>
    </div>
  </body>,
  "container": <div>
    <div
      class="container"
    >
      <div
        class="imageAndLinks"
      >
        <picture>
          <source
            srcset="/images/me.webp"
            type="image/webp"
          />
          <img
            alt=""
            class="image"
            height="460"
            src="/images/me.png"
            width="460"
          />
        </picture>
        <ul
          class="container socialMediaLinks"
        >
          <li>
            <a
              data-testid="github-link"
              href="https://github.com/tairosonloa"
              rel="noopener noreferrer"
              target="_blank"
            >
              <i
                class="ri-github-fill icon"
                data-testid="github"
              />
              <span
                class="hiddenTextForAccessibility"
              >
                github
              </span>
            </a>
          </li>
          <li>
            <a
              data-testid="linkedin-link"
              href="https://www.linkedin.com/in/aitoralonsonunez/"
              rel="noopener noreferrer"
              target="_blank"
            >
              <i
                class="ri-linkedin-box-fill icon"
                data-testid="linkedin"
              />
              <span
                class="hiddenTextForAccessibility"
              >
                linkedin
              </span>
            </a>
          </li>
          <li>
            <a
              data-testid="twitter-link"
              href="https://twitter.com/tairosonloa"
              rel="noopener noreferrer"
              target="_blank"
            >
              <i
                class="ri-twitter-fill icon"
                data-testid="twitter"
              />
              <span
                class="hiddenTextForAccessibility"
              >
                twitter
              </span>
            </a>
          </li>
          <li>
            <a
              data-testid="email-link"
              href="#"
              rel="noopener noreferrer"
              target="_blank"
            >
              <i
                class="ri-mail-fill icon"
                data-testid="email"
              />
              <span
                class="hiddenTextForAccessibility"
              >
                email
              </span>
            </a>
          </li>
        </ul>
      </div>
      <div>
        <h1
          class="common titleBig bio"
        >
          Hi, I'm Aitor 
          <span
            aria-label="waving hand"
            role="img"
          >
            👋
          </span>
        </h1>
        <p
          class="common paragraphBig bio"
        >
          I'm a full-stack developer 
          <span
            aria-label="man with a computer"
            role="img"
          >
            👨‍💻
          </span>
           from Spain, currently full-time working for
           
          <a
            href="https://acidtango.com/"
            rel="noopener noreferrer"
            target="_blank"
          >
            Acid Tango
          </a>
           
          <span
            aria-label="lemon"
            role="img"
          >
            🍋
          </span>
           while studying for a Master's Degree in Computer Science and Engineering 
          <span
            aria-label="graduation cap"
            role="img"
          >
            🎓
          </span>
           on weekends.
        </p>
        <p
          class="common paragraphBig bio"
        >
          Free software contributor 
          <span
            aria-label="hearth"
            role="img"
          >
            ❤️
          </span>
          , Linux fan
           
          <span
            aria-label="penguin"
            role="img"
          >
            🐧
          </span>
           and DevOps 
          <span
            aria-label="gear"
            role="img"
          >
            ⚙️
          </span>
           soul.
        </p>
      </div>
    </div>
  </div>,
  "debug": [Function],
  "findAllByAltText": [Function],
  "findAllByDisplayValue": [Function],
  "findAllByLabelText": [Function],
  "findAllByPlaceholderText": [Function],
  "findAllByRole": [Function],
  "findAllByTestId": [Function],
  "findAllByText": [Function],
  "findAllByTitle": [Function],
  "findByAltText": [Function],
  "findByDisplayValue": [Function],
  "findByLabelText": [Function],
  "findByPlaceholderText": [Function],
  "findByRole": [Function],
  "findByTestId": [Function],
  "findByText": [Function],
  "findByTitle": [Function],
  "getAllByAltText": [Function],
  "getAllByDisplayValue": [Function],
  "getAllByLabelText": [Function],
  "getAllByPlaceholderText": [Function],
  "getAllByRole": [Function],
  "getAllByTestId": [Function],
  "getAllByText": [Function],
  "getAllByTitle": [Function],
  "getByAltText": [Function],
  "getByDisplayValue": [Function],
  "getByLabelText": [Function],
  "getByPlaceholderText": [Function],
  "getByRole": [Function],
  "getByTestId": [Function],
  "getByText": [Function],
  "getByTitle": [Function],
  "queryAllByAltText": [Function],
  "queryAllByDisplayValue": [Function],
  "queryAllByLabelText": [Function],
  "queryAllByPlaceholderText": [Function],
  "queryAllByRole": [Function],
  "queryAllByTestId": [Function],
  "queryAllByText": [Function],
  "queryAllByTitle": [Function],
  "queryByAltText": [Function],
  "queryByDisplayValue": [Function],
  "queryByLabelText": [Function],
  "queryByPlaceholderText": [Function],
  "queryByRole": [Function],
  "queryByTestId": [Function],
  "queryByText": [Function],
  "queryByTitle": [Function],
  "rerender": [Function],
  "unmount": [Function],
}
`;
